src/app/register/page.tsx(18,15): error TS1005: ';' expected.
src/app/register/page.tsx(19,22): error TS1005: ';' expected.
src/app/register/page.tsx(20,20): error TS1005: ';' expected.
src/app/register/page.tsx(21,28): error TS1005: ';' expected.
src/app/register/page.tsx(22,1): error TS1128: Declaration or statement expected.
src/app/register/page.tsx(22,2): error TS1128: Declaration or statement expected.
src/app/register/page.tsx(197,1): error TS1128: Declaration or statement expected.
